// Jest Snapshot v1, https://goo.gl/fbAQLP

exports[`should render component with index fixture 1`] = `
Array [
  ,
  <div
    class="legacy"
    data-widget="/undefined$0/marko4/components/legacy/component"
    id="c2"
  >
    <section>
      Section
    </section>
    <button
      id="c2-button"
      type="button"
    >
      Hello
    </button>
    <inner-legacy />
  </div>,
  ,
]
`;
