// Jest Snapshot v1, https://goo.gl/fbAQLP

exports[`should render component with index fixture 1`] = `
Array [
  ,
  <div
    class="inner-legacy"
    data-widget="/undefined$0/marko4/components/legacy/components/inner-legacy/component"
    id="c2"
  >
    "world"
  </div>,
  ,
]
`;
